Archive member included because of file (symbol)

.\CortexM3\ARM_GCC_493\Debug\RF_Test.a(cyfitter_cfg.o)
                              .\CortexM3\ARM_GCC_493\Debug\Cm3Start.o (cyfitter_cfg)
.\CortexM3\ARM_GCC_493\Debug\RF_Test.a(Pin_1.o)
                              .\CortexM3\ARM_GCC_493\Debug\main.o (Pin_1_Write)
.\CortexM3\ARM_GCC_493\Debug\RF_Test.a(CyBootAsmGnu.o)
                              .\CortexM3\ARM_GCC_493\Debug\RF_Test.a(cyfitter_cfg.o) (CyDelayCycles)
.\CortexM3\ARM_GCC_493\Debug\RF_Test.a(CyLib.o)
                              .\CortexM3\ARM_GCC_493\Debug\Cm3Start.o (CyHalt)
.\CortexM3\ARM_GCC_493\Debug\RF_Test.a(cyPm.o)
                              .\CortexM3\ARM_GCC_493\Debug\RF_Test.a(CyLib.o) (CyPmReadStatus)
.\CortexM3\ARM_GCC_493\Debug\RF_Test.a(LCD_Char_1.o)
                              .\CortexM3\ARM_GCC_493\Debug\main.o (LCD_Char_1_PrintString)
.\CortexM3\ARM_GCC_493\Debug\RF_Test.a(UART_1.o)
                              .\CortexM3\ARM_GCC_493\Debug\main.o (UART_1_Start)
.\CortexM3\ARM_GCC_493\Debug\RF_Test.a(UART_1_IntClock.o)
                              .\CortexM3\ARM_GCC_493\Debug\RF_Test.a(UART_1.o) (UART_1_IntClock_Start)
.\CortexM3\ARM_GCC_493\Debug\RF_Test.a(SPIM_1.o)
                              .\CortexM3\ARM_GCC_493\Debug\main.o (SPIM_1_ReadTxStatus)
.\CortexM3\ARM_GCC_493\Debug\RF_Test.a(Pin_5.o)
                              .\CortexM3\ARM_GCC_493\Debug\main.o (Pin_5_Write)
.\CortexM3\ARM_GCC_493\Debug\RF_Test.a(Pin_6.o)
                              .\CortexM3\ARM_GCC_493\Debug\main.o (Pin_6_Write)
.\CortexM3\ARM_GCC_493\Debug\RF_Test.a(SPIM_1_IntClock.o)
                              .\CortexM3\ARM_GCC_493\Debug\RF_Test.a(SPIM_1.o) (SPIM_1_IntClock_Start)
.\CortexM3\ARM_GCC_493\Debug\RF_Test.a(CyFlash.o)
                              .\CortexM3\ARM_GCC_493\Debug\RF_Test.a(cyPm.o) (CyFlash_SetWaitCycles)
.\CortexM3\ARM_GCC_493\Debug\RF_Test.a(CySpc.o)
                              .\CortexM3\ARM_GCC_493\Debug\RF_Test.a(CyFlash.o) (CySpcStart)
c:/program files (x86)/cypress/psoc creator/3.3/psoc creator/import/gnu/arm/4.9.3/bin/../lib/gcc/arm-none-eabi/4.9.3/../../../../arm-none-eabi/lib/armv7-m\libg_nano.a(lib_a-errno.o)
                              .\CortexM3\ARM_GCC_493\Debug\Cm3Start.o (__errno)
c:/program files (x86)/cypress/psoc creator/3.3/psoc creator/import/gnu/arm/4.9.3/bin/../lib/gcc/arm-none-eabi/4.9.3/../../../../arm-none-eabi/lib/armv7-m\libg_nano.a(lib_a-exit.o)
                              c:/program files (x86)/cypress/psoc creator/3.3/psoc creator/import/gnu/arm/4.9.3/bin/../lib/gcc/arm-none-eabi/4.9.3/../../../../arm-none-eabi/lib/armv7-m/crt0.o (exit)
c:/program files (x86)/cypress/psoc creator/3.3/psoc creator/import/gnu/arm/4.9.3/bin/../lib/gcc/arm-none-eabi/4.9.3/../../../../arm-none-eabi/lib/armv7-m\libg_nano.a(lib_a-impure.o)
                              c:/program files (x86)/cypress/psoc creator/3.3/psoc creator/import/gnu/arm/4.9.3/bin/../lib/gcc/arm-none-eabi/4.9.3/../../../../arm-none-eabi/lib/armv7-m\libg_nano.a(lib_a-exit.o) (_global_impure_ptr)
c:/program files (x86)/cypress/psoc creator/3.3/psoc creator/import/gnu/arm/4.9.3/bin/../lib/gcc/arm-none-eabi/4.9.3/../../../../arm-none-eabi/lib/armv7-m\libg_nano.a(lib_a-init.o)
                              c:/program files (x86)/cypress/psoc creator/3.3/psoc creator/import/gnu/arm/4.9.3/bin/../lib/gcc/arm-none-eabi/4.9.3/../../../../arm-none-eabi/lib/armv7-m/crt0.o (__libc_init_array)
c:/program files (x86)/cypress/psoc creator/3.3/psoc creator/import/gnu/arm/4.9.3/bin/../lib/gcc/arm-none-eabi/4.9.3/../../../../arm-none-eabi/lib/armv7-m\libg_nano.a(lib_a-memcpy.o)
                              .\CortexM3\ARM_GCC_493\Debug\RF_Test.a(cyfitter_cfg.o) (memcpy)
c:/program files (x86)/cypress/psoc creator/3.3/psoc creator/import/gnu/arm/4.9.3/bin/../lib/gcc/arm-none-eabi/4.9.3/../../../../arm-none-eabi/lib/armv7-m\libg_nano.a(lib_a-memset.o)
                              c:/program files (x86)/cypress/psoc creator/3.3/psoc creator/import/gnu/arm/4.9.3/bin/../lib/gcc/arm-none-eabi/4.9.3/../../../../arm-none-eabi/lib/armv7-m/crt0.o (memset)
c:/program files (x86)/cypress/psoc creator/3.3/psoc creator/import/gnu/arm/4.9.3/bin/../lib/gcc/arm-none-eabi/4.9.3/../../../../arm-none-eabi/lib/armv7-m\libg_nano.a(lib_a-snprintf.o)
                              .\CortexM3\ARM_GCC_493\Debug\main.o (snprintf)
c:/program files (x86)/cypress/psoc creator/3.3/psoc creator/import/gnu/arm/4.9.3/bin/../lib/gcc/arm-none-eabi/4.9.3/../../../../arm-none-eabi/lib/armv7-m\libg_nano.a(lib_a-nano-svfprintf.o)
                              c:/program files (x86)/cypress/psoc creator/3.3/psoc creator/import/gnu/arm/4.9.3/bin/../lib/gcc/arm-none-eabi/4.9.3/../../../../arm-none-eabi/lib/armv7-m\libg_nano.a(lib_a-snprintf.o) (_svfprintf_r)
[...]
Memory Configuration

Name             Origin             Length             Attributes
rom              0x00000000         0x00040000         xr
ram              0x1fff8000         0x00010000         xrw
*default*        0x00000000         0xffffffff

Linker script and memory map

LOAD c:/program files (x86)/cypress/psoc creator/3.3/psoc creator/import/gnu/arm/4.9.3/bin/../lib/gcc/arm-none-eabi/4.9.3/armv7-m/crti.o
LOAD c:/program files (x86)/cypress/psoc creator/3.3/psoc creator/import/gnu/arm/4.9.3/bin/../lib/gcc/arm-none-eabi/4.9.3/armv7-m/crtbegin.o
LOAD c:/program files (x86)/cypress/psoc creator/3.3/psoc creator/import/gnu/arm/4.9.3/bin/../lib/gcc/arm-none-eabi/4.9.3/../../../../arm-none-eabi/lib/armv7-m/crt0.o
START GROUP
LOAD .\CortexM3\ARM_GCC_493\Debug\main.o
LOAD .\CortexM3\ARM_GCC_493\Debug\cymetadata.o
LOAD .\CortexM3\ARM_GCC_493\Debug\Cm3Start.o
LOAD .\CortexM3\ARM_GCC_493\Debug\RF_Test.a
LOAD C:\Program Files (x86)\Cypress\PSoC Creator\3.3\PSoC Creator\psoc\content\cycomponentlibrary\CyComponentLibrary.cylib\CortexM3\ARM_GCC_493\Debug\CyComponentLibrary.a
END GROUP
START GROUP
LOAD c:/program files (x86)/cypress/psoc creator/3.3/psoc creator/import/gnu/arm/4.9.3/bin/../lib/gcc/arm-none-eabi/4.9.3/armv7-m\libgcc.a
LOAD c:/program files (x86)/cypress/psoc creator/3.3/psoc creator/import/gnu/arm/4.9.3/bin/../lib/gcc/arm-none-eabi/4.9.3/../../../../arm-none-eabi/lib/armv7-m\libg_nano.a
LOAD c:/program files (x86)/cypress/psoc creator/3.3/psoc creator/import/gnu/arm/4.9.3/bin/../lib/gcc/arm-none-eabi/4.9.3/../../../../arm-none-eabi/lib/armv7-m\libc_nano.a
END GROUP
START GROUP
LOAD c:/program files (x86)/cypress/psoc creator/3.3/psoc creator/import/gnu/arm/4.9.3/bin/../lib/gcc/arm-none-eabi/4.9.3/armv7-m\libgcc.a
LOAD c:/program files (x86)/cypress/psoc creator/3.3/psoc creator/import/gnu/arm/4.9.3/bin/../lib/gcc/arm-none-eabi/4.9.3/../../../../arm-none-eabi/lib/armv7-m\libc_nano.a
END GROUP
LOAD c:/program files (x86)/cypress/psoc creator/3.3/psoc creator/import/gnu/arm/4.9.3/bin/../lib/gcc/arm-none-eabi/4.9.3/armv7-m/crtend.o
LOAD c:/program files (x86)/cypress/psoc creator/3.3/psoc creator/import/gnu/arm/4.9.3/bin/../lib/gcc/arm-none-eabi/4.9.3/armv7-m/crtn.o
START GROUP
LOAD c:/program files (x86)/cypress/psoc creator/3.3/psoc creator/import/gnu/arm/4.9.3/bin/../lib/gcc/arm-none-eabi/4.9.3/armv7-m\libgcc.a
LOAD c:/program files (x86)/cypress/psoc creator/3.3/psoc creator/import/gnu/arm/4.9.3/bin/../lib/gcc/arm-none-eabi/4.9.3/../../../../arm-none-eabi/lib/armv7-m\libc.a
LOAD c:/program files (x86)/cypress/psoc creator/3.3/psoc creator/import/gnu/arm/4.9.3/bin/../lib/gcc/arm-none-eabi/4.9.3/../../../../arm-none-eabi/lib/armv7-m\libnosys.a
END GROUP
                0x00000000                CY_APPL_ORIGIN = 0x0
                0x00000100                CY_FLASH_ROW_SIZE = 0x100
                0x00000020                CY_ECC_ROW_SIZE = 0x20
                0x00000000                CY_EE_IN_BTLDR = 0x0
                0x00000000                CY_APPL_LOADABLE = 0x0
                0x00000800                CY_EE_SIZE = 0x800
                0x00000001                CY_APPL_NUM = 0x1
                0x00000001                CY_APPL_MAX = 0x1
                0x00000040                CY_METADATA_SIZE = 0x40
                0x00000000                CY_APPL_LOADABLE = 0x0
                0x00000000                CY_CHECKSUM_EXCLUDE_SIZE = ALIGN (0x0, CY_FLASH_ROW_SIZE)
                0x1fff8148                PROVIDE (__cy_heap_start, _end)
                0x00000001                PROVIDE (__cy_region_num, ((__cy_regions_end - __cy_regions) / 0x10))
                0x20008000                PROVIDE (__cy_stack, (ORIGIN (ram) + 0x10000))
                0x20007800                PROVIDE (__cy_heap_end, (__cy_stack - 0x800))

.cybootloader   0x00000000        0x0
 *(.cybootloader)
                0x00000000                appl1_start = CY_APPL_ORIGIN?CY_APPL_ORIGIN:ALIGN (CY_FLASH_ROW_SIZE)
                0x0001ff00                appl2_start = (appl1_start + ALIGN ((((0x40000 - appl1_start) - (0x2 * CY_FLASH_ROW_SIZE)) / 0x2), CY_FLASH_ROW_SIZE))
                0x00000000                appl_start = (CY_APPL_NUM == 0x1)?appl1_start:appl2_start
                0x00000000                ecc_offset = ((appl_start / CY_FLASH_ROW_SIZE) * CY_ECC_ROW_SIZE)
                0x00000000                ee_offset = (CY_APPL_LOADABLE && ! (CY_EE_IN_BTLDR))?((CY_EE_SIZE / CY_APPL_MAX) * (CY_APPL_NUM - 0x1)):0x0
                0x00000800                ee_size = (CY_APPL_LOADABLE && ! (CY_EE_IN_BTLDR))?(CY_EE_SIZE / CY_APPL_MAX):CY_EE_SIZE
                0x00000000                PROVIDE (CY_ECC_OFFSET, ecc_offset)

.text           0x00000000      0xade
 CREATE_OBJECT_SYMBOLS
                0x00000000                PROVIDE (__cy_interrupt_vector, RomVectors)
 *(.romvectors)
 .romvectors    0x00000000       0x10 .\CortexM3\ARM_GCC_493\Debug\Cm3Start.o
                0x00000000                RomVectors
                0x00000001                ASSERT ((. != __cy_interrupt_vector), No interrupt vector)
                0x00000001                ASSERT (CY_APPL_ORIGIN?(SIZEOF (.cybootloader) <= CY_APPL_ORIGIN):0x1, Wrong image location)
                0x00000010                PROVIDE (__cy_reset, Reset)
 *(.text.Reset)
 .text.Reset    0x00000010       0x18 .\CortexM3\ARM_GCC_493\Debug\Cm3Start.o
                0x00000010                Reset
                0x00000001                ASSERT ((. != __cy_reset), No reset code)
 *(.dma_init)
                0x00000001                ASSERT ((((appl_start + .) <= 0x10000) || 0x1), DMA Init must be within the first 64k of flash)
 *(.text .text.* .gnu.linkonce.t.*)
 .text          0x00000028       0x5c c:/program files (x86)/cypress/psoc creator/3.3/psoc creator/import/gnu/arm/4.9.3/bin/../lib/gcc/arm-none-eabi/4.9.3/armv7-m/crtbegin.o
 .text.echoR31JP
                0x00000084       0x38 .\CortexM3\ARM_GCC_493\Debug\main.o
                0x00000084                echoR31JP
 .text.print    0x000000bc       0x1c .\CortexM3\ARM_GCC_493\Debug\main.o
                0x000000bc                print
 .text.ce       0x000000d8        0x8 .\CortexM3\ARM_GCC_493\Debug\main.o
                0x000000d8                ce
 .text.csn      0x000000e0        0x8 .\CortexM3\ARM_GCC_493\Debug\main.o
                0x000000e0                csn
 .text.setup    0x000000e8       0x60 .\CortexM3\ARM_GCC_493\Debug\main.o
                0x000000e8                setup
 .text.main     0x00000148        0xc .\CortexM3\ARM_GCC_493\Debug\main.o
                0x00000148                main
 .text.IntDefaultHandler
                0x00000154        0x4 .\CortexM3\ARM_GCC_493\Debug\Cm3Start.o
                0x00000154                IntDefaultHandler
 .text.Start_c  0x00000158       0x4c .\CortexM3\ARM_GCC_493\Debug\Cm3Start.o
                0x00000158                Start_c
 .text.initialize_psoc
                0x000001a4       0x74 .\CortexM3\ARM_GCC_493\Debug\Cm3Start.o
                0x000001a4                initialize_psoc
 .text.CyClockStartupError
                0x00000218        0x4 .\CortexM3\ARM_GCC_493\Debug\RF_Test.a(cyfitter_cfg.o)
 .text.cfg_write_bytes32
                0x0000021c       0x34 .\CortexM3\ARM_GCC_493\Debug\RF_Test.a(cyfitter_cfg.o)
 .text.AnalogSetDefault
                0x00000250       0x28 .\CortexM3\ARM_GCC_493\Debug\RF_Test.a(cyfitter_cfg.o)
 .text.CYMEMZERO
                0x00000278        0xc .\CortexM3\ARM_GCC_493\Debug\RF_Test.a(cyfitter_cfg.o)
 .text.ClockSetup
                0x00000284       0xcc .\CortexM3\ARM_GCC_493\Debug\RF_Test.a(cyfitter_cfg.o)
 .text.CYCONFIGCPY
                0x00000350        0x8 .\CortexM3\ARM_GCC_493\Debug\RF_Test.a(cyfitter_cfg.o)
 .text.cyfitter_cfg
                0x00000358      0x120 .\CortexM3\ARM_GCC_493\Debug\RF_Test.a(cyfitter_cfg.o)
                0x00000358                cyfitter_cfg
 .text.Pin_1_Write
                0x00000478       0x18 .\CortexM3\ARM_GCC_493\Debug\RF_Test.a(Pin_1.o)
                0x00000478                Pin_1_Write
 .text          0x00000490       0x20 .\CortexM3\ARM_GCC_493\Debug\RF_Test.a(CyBootAsmGnu.o)
                0x00000490                CyDelayCycles
                0x000004a0                CyEnterCriticalSection
                0x000004a8                CyExitCriticalSection
 .text.CyDelay  0x000004b0       0x2c .\CortexM3\ARM_GCC_493\Debug\RF_Test.a(CyLib.o)
                0x000004b0                CyDelay
 .text.CyDelayUs
                0x000004dc       0x14 .\CortexM3\ARM_GCC_493\Debug\RF_Test.a(CyLib.o)
                0x000004dc                CyDelayUs
 .text.LCD_Char_1_WrCntrlNib
                0x000004f0       0x34 .\CortexM3\ARM_GCC_493\Debug\RF_Test.a(LCD_Char_1.o)
 .text.LCD_Char_1_WrDatNib
                0x00000524       0x44 .\CortexM3\ARM_GCC_493\Debug\RF_Test.a(LCD_Char_1.o)
 .text.LCD_Char_1_IsReady
                0x00000568       0xe4 .\CortexM3\ARM_GCC_493\Debug\RF_Test.a(LCD_Char_1.o)
                0x00000568                LCD_Char_1_IsReady
 .text.LCD_Char_1_WriteData
                0x0000064c       0x18 .\CortexM3\ARM_GCC_493\Debug\RF_Test.a(LCD_Char_1.o)
                0x0000064c                LCD_Char_1_WriteData
 .text.LCD_Char_1_PrintString
                0x00000664       0x1c .\CortexM3\ARM_GCC_493\Debug\RF_Test.a(LCD_Char_1.o)
                0x00000664                LCD_Char_1_PrintString
 .text.LCD_Char_1_WriteControl
                0x00000680       0x18 .\CortexM3\ARM_GCC_493\Debug\RF_Test.a(LCD_Char_1.o)
                0x00000680                LCD_Char_1_WriteControl
 .text.LCD_Char_1_Init
                0x00000698       0x6c .\CortexM3\ARM_GCC_493\Debug\RF_Test.a(LCD_Char_1.o)
                0x00000698                LCD_Char_1_Init
 .text.LCD_Char_1_Enable
                0x00000704       0x14 .\CortexM3\ARM_GCC_493\Debug\RF_Test.a(LCD_Char_1.o)
                0x00000704                LCD_Char_1_Enable
 .text.LCD_Char_1_Start
                0x00000718       0x1c .\CortexM3\ARM_GCC_493\Debug\RF_Test.a(LCD_Char_1.o)
                0x00000718                LCD_Char_1_Start
 .text.LCD_Char_1_PrintU32Number
                0x00000734       0x60 .\CortexM3\ARM_GCC_493\Debug\RF_Test.a(LCD_Char_1.o)
                0x00000734                LCD_Char_1_PrintU32Number
 .text.UART_1_Init
                0x00000794       0x24 .\CortexM3\ARM_GCC_493\Debug\RF_Test.a(UART_1.o)
                0x00000794                UART_1_Init
 .text.UART_1_Enable
                0x000007b8       0x38 .\CortexM3\ARM_GCC_493\Debug\RF_Test.a(UART_1.o)
                0x000007b8                UART_1_Enable
 .text.UART_1_Start
                0x000007f0       0x1c .\CortexM3\ARM_GCC_493\Debug\RF_Test.a(UART_1.o)
                0x000007f0                UART_1_Start
 .text.UART_1_SetRxInterruptMode
                0x0000080c        0xc .\CortexM3\ARM_GCC_493\Debug\RF_Test.a(UART_1.o)
                0x0000080c                UART_1_SetRxInterruptMode
 .text.UART_1_ReadRxStatus
                0x00000818       0x10 .\CortexM3\ARM_GCC_493\Debug\RF_Test.a(UART_1.o)
                0x00000818                UART_1_ReadRxStatus
 .text.UART_1_GetChar
                0x00000828       0x2c .\CortexM3\ARM_GCC_493\Debug\RF_Test.a(UART_1.o)
                0x00000828                UART_1_GetChar
 .text.UART_1_ClearRxBuffer
                0x00000854       0x24 .\CortexM3\ARM_GCC_493\Debug\RF_Test.a(UART_1.o)
                0x00000854                UART_1_ClearRxBuffer
 .text.UART_1_SetTxInterruptMode
                0x00000878        0xc .\CortexM3\ARM_GCC_493\Debug\RF_Test.a(UART_1.o)
                0x00000878                UART_1_SetTxInterruptMode
 .text.UART_1_ReadTxStatus
                0x00000884        0xc .\CortexM3\ARM_GCC_493\Debug\RF_Test.a(UART_1.o)
                0x00000884                UART_1_ReadTxStatus
 .text.UART_1_PutChar
                0x00000890       0x18 .\CortexM3\ARM_GCC_493\Debug\RF_Test.a(UART_1.o)
                0x00000890                UART_1_PutChar
 .text.UART_1_PutString
                0x000008a8       0x24 .\CortexM3\ARM_GCC_493\Debug\RF_Test.a(UART_1.o)
                0x000008a8                UART_1_PutString
 .text.UART_1_ClearTxBuffer
                0x000008cc       0x24 .\CortexM3\ARM_GCC_493\Debug\RF_Test.a(UART_1.o)
                0x000008cc                UART_1_ClearTxBuffer
 .text.UART_1_IntClock_Start
                0x000008f0       0x1c .\CortexM3\ARM_GCC_493\Debug\RF_Test.a(UART_1_IntClock.o)
                0x000008f0                UART_1_IntClock_Start
 .text.SPIM_1_Enable
                0x0000090c       0x38 .\CortexM3\ARM_GCC_493\Debug\RF_Test.a(SPIM_1.o)
                0x0000090c                SPIM_1_Enable
 .text.SPIM_1_ReadTxStatus
                0x00000944        0xc .\CortexM3\ARM_GCC_493\Debug\RF_Test.a(SPIM_1.o)
                0x00000944                SPIM_1_ReadTxStatus
 .text.SPIM_1_ReadRxStatus
                0x00000950        0xc .\CortexM3\ARM_GCC_493\Debug\RF_Test.a(SPIM_1.o)
                0x00000950                SPIM_1_ReadRxStatus
 .text.SPIM_1_ClearRxBuffer
                0x0000095c       0x1c .\CortexM3\ARM_GCC_493\Debug\RF_Test.a(SPIM_1.o)
                0x0000095c                SPIM_1_ClearRxBuffer
 .text.SPIM_1_ClearTxBuffer
                0x00000978       0x24 .\CortexM3\ARM_GCC_493\Debug\RF_Test.a(SPIM_1.o)
                0x00000978                SPIM_1_ClearTxBuffer
 .text.SPIM_1_ClearFIFO
                0x0000099c       0x3c .\CortexM3\ARM_GCC_493\Debug\RF_Test.a(SPIM_1.o)
                0x0000099c                SPIM_1_ClearFIFO
 .text.SPIM_1_Init
                0x000009d8       0x2c .\CortexM3\ARM_GCC_493\Debug\RF_Test.a(SPIM_1.o)
                0x000009d8                SPIM_1_Init
 .text.SPIM_1_Start
                0x00000a04       0x1c .\CortexM3\ARM_GCC_493\Debug\RF_Test.a(SPIM_1.o)
                0x00000a04                SPIM_1_Start
 .text.Pin_5_Write
                0x00000a20       0x18 .\CortexM3\ARM_GCC_493\Debug\RF_Test.a(Pin_5.o)
                0x00000a20                Pin_5_Write
 .text.Pin_6_Write
                0x00000a38       0x18 .\CortexM3\ARM_GCC_493\Debug\RF_Test.a(Pin_6.o)
                0x00000a38                Pin_6_Write
 .text.SPIM_1_IntClock_Start
                0x00000a50       0x1c .\CortexM3\ARM_GCC_493\Debug\RF_Test.a(SPIM_1_IntClock.o)
                0x00000a50                SPIM_1_IntClock_Start
 .text.__libc_init_array
                0x00000a6c       0x4c c:/program files (x86)/cypress/psoc creator/3.3/psoc creator/import/gnu/arm/4.9.3/bin/../lib/gcc/arm-none-eabi/4.9.3/../../../../arm-none-eabi/lib/armv7-m\libg_nano.a(lib_a-init.o)
                0x00000a6c                __libc_init_array
 .text.memcpy   0x00000ab8       0x16 c:/program files (x86)/cypress/psoc creator/3.3/psoc creator/import/gnu/arm/4.9.3/bin/../lib/gcc/arm-none-eabi/4.9.3/../../../../arm-none-eabi/lib/armv7-m\libg_nano.a(lib_a-memcpy.o)
                0x00000ab8                memcpy
 .text.memset   0x00000ace       0x10 c:/program files (x86)/cypress/psoc creator/3.3/psoc creator/import/gnu/arm/4.9.3/bin/../lib/gcc/arm-none-eabi/4.9.3/../../../../arm-none-eabi/lib/armv7-m\libg_nano.a(lib_a-memset.o)
                0x00000ace                memset
 *(.plt)
 *(.gnu.warning)
 *(.glue_7t)
 .glue_7t       0x00000000        0x0 linker stubs
 *(.glue_7)
 .glue_7        0x00000000        0x0 linker stubs
 *(.vfp11_veneer)
 .vfp11_veneer  0x00000000        0x0 linker stubs
 *(.bootloader)
 *(.ARM.extab* .gnu.linkonce.armextab.*)
 *(.gcc_except_table)

.v4_bx          0x00000ae0        0x0
 .v4_bx         0x00000000        0x0 linker stubs

.iplt           0x00000ae0        0x0
 .iplt          0x00000000        0x0 c:/program files (x86)/cypress/psoc creator/3.3/psoc creator/import/gnu/arm/4.9.3/bin/../lib/gcc/arm-none-eabi/4.9.3/armv7-m/crtbegin.o

.eh_frame_hdr
 *(.eh_frame_hdr)

.eh_frame       0x00000ae0        0x4
 *(.eh_frame)
 .eh_frame      0x00000ae0        0x0 c:/program files (x86)/cypress/psoc creator/3.3/psoc creator/import/gnu/arm/4.9.3/bin/../lib/gcc/arm-none-eabi/4.9.3/armv7-m/crtbegin.o
 .eh_frame      0x00000ae0        0x4 c:/program files (x86)/cypress/psoc creator/3.3/psoc creator/import/gnu/arm/4.9.3/bin/../lib/gcc/arm-none-eabi/4.9.3/armv7-m/crtend.o
                0x00000ae4                PROVIDE (__exidx_start, .)

.ARM.exidx
 *(.ARM.exidx* .gnu.linkonce.armexidx.*)
                0x00000ae4                __exidx_end = .

.rodata         0x00000ae4      0x1a4
 *(.rodata .rodata.* .gnu.linkonce.r.*)
 .rodata.str1.4
                0x00000ae4      0x12c .\CortexM3\ARM_GCC_493\Debug\main.o
 .rodata        0x00000c10       0x44 .\CortexM3\ARM_GCC_493\Debug\RF_Test.a(cyfitter_cfg.o)
                0x00000c54                . = ALIGN (0x4)
 *(.init)
 .init          0x00000c54        0x4 c:/program files (x86)/cypress/psoc creator/3.3/psoc creator/import/gnu/arm/4.9.3/bin/../lib/gcc/arm-none-eabi/4.9.3/armv7-m/crti.o
                0x00000c54                _init
 .init          0x00000c58        0x8 c:/program files (x86)/cypress/psoc creator/3.3/psoc creator/import/gnu/arm/4.9.3/bin/../lib/gcc/arm-none-eabi/4.9.3/armv7-m/crtn.o
                0x00000c60                . = ALIGN (0x4)
                0x00000c60                __preinit_array_start = .
 *(.preinit_array)
                0x00000c60                __preinit_array_end = .
                0x00000c60                . = ALIGN (0x4)
                0x00000c60                __init_array_start = .
 *(SORT(.init_array.*))
 *(.init_array)
 .init_array    0x00000c60        0x4 c:/program files (x86)/cypress/psoc creator/3.3/psoc creator/import/gnu/arm/4.9.3/bin/../lib/gcc/arm-none-eabi/4.9.3/armv7-m/crtbegin.o
 .init_array    0x00000c64        0x4 .\CortexM3\ARM_GCC_493\Debug\Cm3Start.o
                0x00000c68                __init_array_end = .
                0x00000c68                . = ALIGN (0x4)
 *(.fini)
 .fini          0x00000c68        0x4 c:/program files (x86)/cypress/psoc creator/3.3/psoc creator/import/gnu/arm/4.9.3/bin/../lib/gcc/arm-none-eabi/4.9.3/armv7-m/crti.o
                0x00000c68                _fini
 .fini          0x00000c6c        0x8 c:/program files (x86)/cypress/psoc creator/3.3/psoc creator/import/gnu/arm/4.9.3/bin/../lib/gcc/arm-none-eabi/4.9.3/armv7-m/crtn.o
                0x00000c74                . = ALIGN (0x4)
                0x00000c74                __fini_array_start = .
 *(.fini_array)
 .fini_array    0x00000c74        0x4 c:/program files (x86)/cypress/psoc creator/3.3/psoc creator/import/gnu/arm/4.9.3/bin/../lib/gcc/arm-none-eabi/4.9.3/armv7-m/crtbegin.o
 *(SORT(.fini_array.*))
                0x00000c78                __fini_array_end = .
                0x00000c78                . = ALIGN (0x4)
 *crtbegin.o(.ctors)
 *(EXCLUDE_FILE(*crtend.o) .ctors)
 *(SORT(.ctors.*))
 *crtend.o(.ctors)
                0x00000c78                . = ALIGN (0x4)
 *crtbegin.o(.dtors)
 *(EXCLUDE_FILE(*crtend.o) .dtors)
 *(SORT(.dtors.*))
 *crtend.o(.dtors)
                0x00000c78                . = ALIGN (0x4)
                0x00000c78                __cy_regions = .
                0x00000c78        0x4 LONG 0xc88 __cy_region_init_ram
                0x00000c7c        0x4 LONG 0x1fff8108 __cy_region_start_data
                0x00000c80        0x4 LONG 0x18 __cy_region_init_size_ram
                0x00000c84        0x4 LONG 0x28 __cy_region_zero_size_ram
                0x00000c88                __cy_regions_end = .
                0x00000c88                . = ALIGN (0x8)
                0x00000c88                _etext = .

.cy_checksum_exclude
                0x00000c88        0x0
 *(.cy_checksum_exclude)

.ramvectors     0x1fff8000      0x100
                0x1fff8000                __cy_region_start_ram = .
 *(.ramvectors)
 .ramvectors    0x1fff8000      0x100 .\CortexM3\ARM_GCC_493\Debug\Cm3Start.o
                0x1fff8000                CyRamVectors

.noinit         0x1fff8100        0x5
 *(.noinit)
 .noinit        0x1fff8100        0x4 .\CortexM3\ARM_GCC_493\Debug\Cm3Start.o
 .noinit        0x1fff8104        0x1 .\CortexM3\ARM_GCC_493\Debug\RF_Test.a(CyLib.o)
                0x1fff8104                CyResetStatus

.data           0x1fff8108       0x18 load address 0x00000c88
                0x1fff8108                __cy_region_start_data = .
 *(.jcr)
 .jcr           0x1fff8108        0x0 c:/program files (x86)/cypress/psoc creator/3.3/psoc creator/import/gnu/arm/4.9.3/bin/../lib/gcc/arm-none-eabi/4.9.3/armv7-m/crtbegin.o
 .jcr           0x1fff8108        0x4 c:/program files (x86)/cypress/psoc creator/3.3/psoc creator/import/gnu/arm/4.9.3/bin/../lib/gcc/arm-none-eabi/4.9.3/armv7-m/crtend.o
 *(.got.plt)
 *(.got)
 *(.shdata)
 *(.data .data.* .gnu.linkonce.d.*)
 .data          0x1fff810c       0x10 .\CortexM3\ARM_GCC_493\Debug\RF_Test.a(CyLib.o)
                0x1fff810c                cydelay_32k_ms
                0x1fff8110                cydelay_freq_khz
                0x1fff8114                cydelay_freq_mhz
                0x1fff8118                cydelay_freq_hz
                0x1fff8120                . = ALIGN (0x8)
 *fill*         0x1fff811c        0x4 
 *(.ram)
                0x1fff8120                _edata = .

.igot.plt       0x1fff8120        0x0 load address 0x00000ca0
 .igot.plt      0x00000000        0x0 c:/program files (x86)/cypress/psoc creator/3.3/psoc creator/import/gnu/arm/4.9.3/bin/../lib/gcc/arm-none-eabi/4.9.3/armv7-m/crtbegin.o

.bss            0x1fff8120       0x28 load address 0x00000ca0
                0x1fff8120                PROVIDE (__bss_start__, .)
 *(.shbss)
 *(.bss .bss.* .gnu.linkonce.b.*)
 .bss           0x1fff8120       0x1c c:/program files (x86)/cypress/psoc creator/3.3/psoc creator/import/gnu/arm/4.9.3/bin/../lib/gcc/arm-none-eabi/4.9.3/armv7-m/crtbegin.o
 .bss           0x1fff813c        0x2 .\CortexM3\ARM_GCC_493\Debug\RF_Test.a(LCD_Char_1.o)
                0x1fff813c                LCD_Char_1_enableState
                0x1fff813d                LCD_Char_1_initVar
 .bss           0x1fff813e        0x2 .\CortexM3\ARM_GCC_493\Debug\RF_Test.a(UART_1.o)
                0x1fff813e                UART_1_initVar
 .bss           0x1fff8140        0x1 .\CortexM3\ARM_GCC_493\Debug\RF_Test.a(SPIM_1.o)
                0x1fff8140                SPIM_1_initVar
 *(COMMON)
                0x1fff8148                . = ALIGN (0x8)
 *fill*         0x1fff8141        0x7 
 *(.ram.b)
                0x1fff8148                _end = .
                0x1fff8148                __end = .
                0x1fff8148                PROVIDE (end, .)
                0x1fff8148                PROVIDE (__bss_end__, .)
                0x00000c88                __cy_region_init_ram = LOADADDR (.data)
                0x00000018                __cy_region_init_size_ram = (_edata - ADDR (.data))
                0x00000028                __cy_region_zero_size_ram = (_end - _edata)

.heap           0x1fff8148       0x80 load address 0x00000ca0
                0x1fff8148                . = _end
                0x1fff81c8                . = (. + 0x80)
 *fill*         0x1fff8148       0x80 
                0x1fff81c8                __cy_heap_limit = .

.stack          0x20007800      0x800
                0x20007800                __cy_stack_limit = .
                0x20008000                . = (. + 0x800)
 *fill*         0x20007800      0x800 
                0x00000001                ASSERT ((__cy_stack_limit >= __cy_heap_limit), region RAM overflowed with stack)
                0x00000000                cy_checksum_exclude_size = (CY_APPL_LOADABLE == 0x1)?SIZEOF (.cy_checksum_exclude):0x0
                0x00000001                ASSERT ((cy_checksum_exclude_size <= CY_CHECKSUM_EXCLUDE_SIZE), CY_BOOT: Section .cy_checksum_exclude size exceedes specified limit.)

.cyloadermeta
 *(.cyloadermeta)

.cyloadablemeta
 *(.cyloadablemeta)

.cyconfigecc    0x80000000      0x5dc
 *(.cyconfigecc)
 .cyconfigecc   0x80000000      0x5dc .\CortexM3\ARM_GCC_493\Debug\cymetadata.o
                0x80000000                cy_meta_configecc

.cycustnvl      0x90000000        0x4
 *(.cycustnvl)
 .cycustnvl     0x90000000        0x4 .\CortexM3\ARM_GCC_493\Debug\cymetadata.o
                0x90000000                cy_meta_custnvl

.cywolatch      0x90100000        0x4
 *(.cywolatch)
 .cywolatch     0x90100000        0x4 .\CortexM3\ARM_GCC_493\Debug\cymetadata.o
                0x90100000                cy_meta_wonvl

.cyeeprom       0x90200000        0x0
 *(.cyeeprom)
                0x00000001                ASSERT ((. <= ((0x90200000 + ee_offset) + ee_size)), .cyeeprom data will not fit in EEPROM)

.cyflashprotect
                0x90400000      0x100
 *(.cyflashprotect)
 .cyflashprotect
                0x90400000      0x100 .\CortexM3\ARM_GCC_493\Debug\cymetadata.o
                0x90400000                cy_meta_flashprotect

.cymeta         0x90500000        0xc
 *(.cymeta)
 .cymeta        0x90500000        0xc .\CortexM3\ARM_GCC_493\Debug\cymetadata.o
                0x90500000                cy_metadata

.rel.dyn        0x00000ca0        0x0 load address 0x9050000c
 .rel.iplt      0x00000000        0x0 c:/program files (x86)/cypress/psoc creator/3.3/psoc creator/import/gnu/arm/4.9.3/bin/../lib/gcc/arm-none-eabi/4.9.3/armv7-m/crtbegin.o

.stab
 *(.stab)

.stabstr
 *(.stabstr)

.debug
 *(.debug)

.line
 *(.line)

.debug_srcinfo
 *(.debug_srcinfo)

.debug_sfnames
 *(.debug_sfnames)

.debug_aranges  0x00000000      0x988
 *(.debug_aranges)
 .debug_aranges
                0x00000000       0xa0 .\CortexM3\ARM_GCC_493\Debug\main.o
 .debug_aranges
                0x000000a0       0x18 .\CortexM3\ARM_GCC_493\Debug\cymetadata.o
 .debug_aranges
                0x000000b8       0x48 .\CortexM3\ARM_GCC_493\Debug\Cm3Start.o
 .debug_aranges
                0x00000100       0x58 .\CortexM3\ARM_GCC_493\Debug\RF_Test.a(cyfitter_cfg.o)
 .debug_aranges
                0x00000158       0x38 .\CortexM3\ARM_GCC_493\Debug\RF_Test.a(Pin_1.o)
 .debug_aranges
                0x00000190       0x20 .\CortexM3\ARM_GCC_493\Debug\RF_Test.a(CyBootAsmGnu.o)
 .debug_aranges
                0x000001b0      0x298 .\CortexM3\ARM_GCC_493\Debug\RF_Test.a(CyLib.o)
 .debug_aranges
                0x00000448       0x98 .\CortexM3\ARM_GCC_493\Debug\RF_Test.a(cyPm.o)
 .debug_aranges
                0x000004e0       0x98 .\CortexM3\ARM_GCC_493\Debug\RF_Test.a(LCD_Char_1.o)
 .debug_aranges
                0x00000578       0xf0 .\CortexM3\ARM_GCC_493\Debug\RF_Test.a(UART_1.o)
 .debug_aranges
                0x00000668       0x70 .\CortexM3\ARM_GCC_493\Debug\RF_Test.a(UART_1_IntClock.o)
 .debug_aranges
                0x000006d8       0xd8 .\CortexM3\ARM_GCC_493\Debug\RF_Test.a(SPIM_1.o)
 .debug_aranges
                0x000007b0       0x38 .\CortexM3\ARM_GCC_493\Debug\RF_Test.a(Pin_5.o)
 .debug_aranges
                0x000007e8       0x38 .\CortexM3\ARM_GCC_493\Debug\RF_Test.a(Pin_6.o)
 .debug_aranges
                0x00000820       0x70 .\CortexM3\ARM_GCC_493\Debug\RF_Test.a(SPIM_1_IntClock.o)
 .debug_aranges
                0x00000890       0x80 .\CortexM3\ARM_GCC_493\Debug\RF_Test.a(CyFlash.o)
 .debug_aranges
                0x00000910       0x78 .\CortexM3\ARM_GCC_493\Debug\RF_Test.a(CySpc.o)

.debug_pubnames
 *(.debug_pubnames)

.debug_info     0x00000000     0x5955
 *(.debug_info .gnu.linkonce.wi.*)
 .debug_info    0x00000000      0xb26 .\CortexM3\ARM_GCC_493\Debug\main.o
 .debug_info    0x00000b26      0x13d .\CortexM3\ARM_GCC_493\Debug\cymetadata.o
 .debug_info    0x00000c63      0x3a5 .\CortexM3\ARM_GCC_493\Debug\Cm3Start.o
 .debug_info    0x00001008      0x5c4 .\CortexM3\ARM_GCC_493\Debug\RF_Test.a(cyfitter_cfg.o)
 .debug_info    0x000015cc      0x11f .\CortexM3\ARM_GCC_493\Debug\RF_Test.a(Pin_1.o)
 .debug_info    0x000016eb       0x96 .\CortexM3\ARM_GCC_493\Debug\RF_Test.a(CyBootAsmGnu.o)
 .debug_info    0x00001781     0x1371 .\CortexM3\ARM_GCC_493\Debug\RF_Test.a(CyLib.o)
 .debug_info    0x00002af2      0xa58 .\CortexM3\ARM_GCC_493\Debug\RF_Test.a(cyPm.o)
 .debug_info    0x0000354a      0x716 .\CortexM3\ARM_GCC_493\Debug\RF_Test.a(LCD_Char_1.o)
 .debug_info    0x00003c60      0x603 .\CortexM3\ARM_GCC_493\Debug\RF_Test.a(UART_1.o)
 .debug_info    0x00004263      0x283 .\CortexM3\ARM_GCC_493\Debug\RF_Test.a(UART_1_IntClock.o)
 .debug_info    0x000044e6      0x4b2 .\CortexM3\ARM_GCC_493\Debug\RF_Test.a(SPIM_1.o)
 .debug_info    0x00004998      0x121 .\CortexM3\ARM_GCC_493\Debug\RF_Test.a(Pin_5.o)
 .debug_info    0x00004ab9      0x11f .\CortexM3\ARM_GCC_493\Debug\RF_Test.a(Pin_6.o)
 .debug_info    0x00004bd8      0x283 .\CortexM3\ARM_GCC_493\Debug\RF_Test.a(SPIM_1_IntClock.o)
 .debug_info    0x00004e5b      0x60a .\CortexM3\ARM_GCC_493\Debug\RF_Test.a(CyFlash.o)
 .debug_info    0x00005465      0x4f0 .\CortexM3\ARM_GCC_493\Debug\RF_Test.a(CySpc.o)

.debug_abbrev   0x00000000     0x178b
 *(.debug_abbrev)
 .debug_abbrev  0x00000000      0x222 .\CortexM3\ARM_GCC_493\Debug\main.o
 .debug_abbrev  0x00000222       0x77 .\CortexM3\ARM_GCC_493\Debug\cymetadata.o
 .debug_abbrev  0x00000299      0x20f .\CortexM3\ARM_GCC_493\Debug\Cm3Start.o
 .debug_abbrev  0x000004a8      0x212 .\CortexM3\ARM_GCC_493\Debug\RF_Test.a(cyfitter_cfg.o)
 .debug_abbrev  0x000006ba       0x90 .\CortexM3\ARM_GCC_493\Debug\RF_Test.a(Pin_1.o)
 .debug_abbrev  0x0000074a       0x14 .\CortexM3\ARM_GCC_493\Debug\RF_Test.a(CyBootAsmGnu.o)
 .debug_abbrev  0x0000075e      0x296 .\CortexM3\ARM_GCC_493\Debug\RF_Test.a(CyLib.o)
 .debug_abbrev  0x000009f4      0x1ed .\CortexM3\ARM_GCC_493\Debug\RF_Test.a(cyPm.o)
 .debug_abbrev  0x00000be1      0x171 .\CortexM3\ARM_GCC_493\Debug\RF_Test.a(LCD_Char_1.o)
 .debug_abbrev  0x00000d52      0x1a2 .\CortexM3\ARM_GCC_493\Debug\RF_Test.a(UART_1.o)
 .debug_abbrev  0x00000ef4      0x139 .\CortexM3\ARM_GCC_493\Debug\RF_Test.a(UART_1_IntClock.o)
 .debug_abbrev  0x0000102d      0x173 .\CortexM3\ARM_GCC_493\Debug\RF_Test.a(SPIM_1.o)
 .debug_abbrev  0x000011a0       0x90 .\CortexM3\ARM_GCC_493\Debug\RF_Test.a(Pin_5.o)
 .debug_abbrev  0x00001230       0x90 .\CortexM3\ARM_GCC_493\Debug\RF_Test.a(Pin_6.o)
 .debug_abbrev  0x000012c0      0x139 .\CortexM3\ARM_GCC_493\Debug\RF_Test.a(SPIM_1_IntClock.o)
 .debug_abbrev  0x000013f9      0x1d1 .\CortexM3\ARM_GCC_493\Debug\RF_Test.a(CyFlash.o)
 .debug_abbrev  0x000015ca      0x1c1 .\CortexM3\ARM_GCC_493\Debug\RF_Test.a(CySpc.o)

.debug_line     0x00000000     0x2448
 *(.debug_line)
 .debug_line    0x00000000      0x3d7 .\CortexM3\ARM_GCC_493\Debug\main.o
 .debug_line    0x000003d7       0x53 .\CortexM3\ARM_GCC_493\Debug\cymetadata.o
 .debug_line    0x0000042a      0x249 .\CortexM3\ARM_GCC_493\Debug\Cm3Start.o
 .debug_line    0x00000673      0x1fd .\CortexM3\ARM_GCC_493\Debug\RF_Test.a(cyfitter_cfg.o)
 .debug_line    0x00000870       0x94 .\CortexM3\ARM_GCC_493\Debug\RF_Test.a(Pin_1.o)
 .debug_line    0x00000904       0x68 .\CortexM3\ARM_GCC_493\Debug\RF_Test.a(CyBootAsmGnu.o)
 .debug_line    0x0000096c      0x806 .\CortexM3\ARM_GCC_493\Debug\RF_Test.a(CyLib.o)
 .debug_line    0x00001172      0x366 .\CortexM3\ARM_GCC_493\Debug\RF_Test.a(cyPm.o)
 .debug_line    0x000014d8      0x1e5 .\CortexM3\ARM_GCC_493\Debug\RF_Test.a(LCD_Char_1.o)
 .debug_line    0x000016bd      0x2c2 .\CortexM3\ARM_GCC_493\Debug\RF_Test.a(UART_1.o)
 .debug_line    0x0000197f      0x197 .\CortexM3\ARM_GCC_493\Debug\RF_Test.a(UART_1_IntClock.o)
 .debug_line    0x00001b16      0x249 .\CortexM3\ARM_GCC_493\Debug\RF_Test.a(SPIM_1.o)
 .debug_line    0x00001d5f       0x94 .\CortexM3\ARM_GCC_493\Debug\RF_Test.a(Pin_5.o)
 .debug_line    0x00001df3       0x94 .\CortexM3\ARM_GCC_493\Debug\RF_Test.a(Pin_6.o)
 .debug_line    0x00001e87      0x197 .\CortexM3\ARM_GCC_493\Debug\RF_Test.a(SPIM_1_IntClock.o)
 .debug_line    0x0000201e      0x1ec .\CortexM3\ARM_GCC_493\Debug\RF_Test.a(CyFlash.o)
 .debug_line    0x0000220a      0x23e .\CortexM3\ARM_GCC_493\Debug\RF_Test.a(CySpc.o)

.debug_frame    0x00000000     0x1be0
 *(.debug_frame)
 .debug_frame   0x00000000      0x1f0 .\CortexM3\ARM_GCC_493\Debug\main.o
 .debug_frame   0x000001f0       0xac .\CortexM3\ARM_GCC_493\Debug\Cm3Start.o
 .debug_frame   0x0000029c       0xe4 .\CortexM3\ARM_GCC_493\Debug\RF_Test.a(cyfitter_cfg.o)
 .debug_frame   0x00000380       0x50 .\CortexM3\ARM_GCC_493\Debug\RF_Test.a(Pin_1.o)
 .debug_frame   0x000003d0      0x728 .\CortexM3\ARM_GCC_493\Debug\RF_Test.a(CyLib.o)
 .debug_frame   0x00000af8      0x1f8 .\CortexM3\ARM_GCC_493\Debug\RF_Test.a(cyPm.o)
 .debug_frame   0x00000cf0      0x1e4 .\CortexM3\ARM_GCC_493\Debug\RF_Test.a(LCD_Char_1.o)
 .debug_frame   0x00000ed4      0x250 .\CortexM3\ARM_GCC_493\Debug\RF_Test.a(UART_1.o)
 .debug_frame   0x00001124       0xe0 .\CortexM3\ARM_GCC_493\Debug\RF_Test.a(UART_1_IntClock.o)
 .debug_frame   0x00001204      0x1e8 .\CortexM3\ARM_GCC_493\Debug\RF_Test.a(SPIM_1.o)
 .debug_frame   0x000013ec       0x50 .\CortexM3\ARM_GCC_493\Debug\RF_Test.a(Pin_5.o)
 .debug_frame   0x0000143c       0x50 .\CortexM3\ARM_GCC_493\Debug\RF_Test.a(Pin_6.o)
 .debug_frame   0x0000148c       0xe0 .\CortexM3\ARM_GCC_493\Debug\RF_Test.a(SPIM_1_IntClock.o)
 .debug_frame   0x0000156c      0x174 .\CortexM3\ARM_GCC_493\Debug\RF_Test.a(CyFlash.o)
 .debug_frame   0x000016e0      0x160 .\CortexM3\ARM_GCC_493\Debug\RF_Test.a(CySpc.o)
 .debug_frame   0x00001840       0x20 c:/program files (x86)/cypress/psoc creator/3.3/psoc creator/import/gnu/arm/4.9.3/bin/../lib/gcc/arm-none-eabi/4.9.3/../../../../arm-none-eabi/lib/armv7-m\libg_nano.a(lib_a-errno.o)
 .debug_frame   0x00001860       0x28 c:/program files (x86)/cypress/psoc creator/3.3/psoc creator/import/gnu/arm/4.9.3/bin/../lib/gcc/arm-none-eabi/4.9.3/../../../../arm-none-eabi/lib/armv7-m\libg_nano.a(lib_a-exit.o)
 .debug_frame   0x00001888       0x2c c:/program files (x86)/cypress/psoc creator/3.3/psoc creator/import/gnu/arm/4.9.3/bin/../lib/gcc/arm-none-eabi/4.9.3/../../../../arm-none-eabi/lib/armv7-m\libg_nano.a(lib_a-init.o)
 .debug_frame   0x000018b4       0x28 c:/program files (x86)/cypress/psoc creator/3.3/psoc creator/import/gnu/arm/4.9.3/bin/../lib/gcc/arm-none-eabi/4.9.3/../../../../arm-none-eabi/lib/armv7-m\libg_nano.a(lib_a-memcpy.o)
 .debug_frame   0x000018dc       0x20 c:/program files (x86)/cypress/psoc creator/3.3/psoc creator/import/gnu/arm/4.9.3/bin/../lib/gcc/arm-none-eabi/4.9.3/../../../../arm-none-eabi/lib/armv7-m\libg_nano.a(lib_a-memset.o)
 .debug_frame   0x000018fc       0x74 c:/program files (x86)/cypress/psoc creator/3.3/psoc creator/import/gnu/arm/4.9.3/bin/../lib/gcc/arm-none-eabi/4.9.3/../../../../arm-none-eabi/lib/armv7-m\libg_nano.a(lib_a-snprintf.o)
 .debug_frame   0x00001970       0x8c c:/program files (x86)/cypress/psoc creator/3.3/psoc creator/import/gnu/arm/4.9.3/bin/../lib/gcc/arm-none-eabi/4.9.3/../../../../arm-none-eabi/lib/armv7-m\libg_nano.a(lib_a-nano-svfprintf.o)
 .debug_frame   0x000019fc       0x58 c:/program files (x86)/cypress/psoc creator/3.3/psoc creator/import/gnu/arm/4.9.3/bin/../lib/gcc/arm-none-eabi/4.9.3/../../../../arm-none-eabi/lib/armv7-m\libg_nano.a(lib_a-nano-vfprintf_i.o)
 .debug_frame   0x00001a54       0x28 c:/program files (x86)/cypress/psoc creator/3.3/psoc creator/import/gnu/arm/4.9.3/bin/../lib/gcc/arm-none-eabi/4.9.3/../../../../arm-none-eabi/lib/armv7-m\libg_nano.a(lib_a-memchr.o)
 .debug_frame   0x00001a7c       0x28 c:/program files (x86)/cypress/psoc creator/3.3/psoc creator/import/gnu/arm/4.9.3/bin/../lib/gcc/arm-none-eabi/4.9.3/../../../../arm-none-eabi/lib/armv7-m\libg_nano.a(lib_a-memmove.o)
 .debug_frame   0x00001aa4       0x2c c:/program files (x86)/cypress/psoc creator/3.3/psoc creator/import/gnu/arm/4.9.3/bin/../lib/gcc/arm-none-eabi/4.9.3/../../../../arm-none-eabi/lib/armv7-m\libg_nano.a(lib_a-nano-freer.o)
 .debug_frame   0x00001ad0       0x2c c:/program files (x86)/cypress/psoc creator/3.3/psoc creator/import/gnu/arm/4.9.3/bin/../lib/gcc/arm-none-eabi/4.9.3/../../../../arm-none-eabi/lib/armv7-m\libg_nano.a(lib_a-nano-mallocr.o)
 .debug_frame   0x00001afc       0x3c c:/program files (x86)/cypress/psoc creator/3.3/psoc creator/import/gnu/arm/4.9.3/bin/../lib/gcc/arm-none-eabi/4.9.3/../../../../arm-none-eabi/lib/armv7-m\libg_nano.a(lib_a-nano-reallocr.o)
 .debug_frame   0x00001b38       0x2c c:/program files (x86)/cypress/psoc creator/3.3/psoc creator/import/gnu/arm/4.9.3/bin/../lib/gcc/arm-none-eabi/4.9.3/../../../../arm-none-eabi/lib/armv7-m\libg_nano.a(lib_a-sbrkr.o)
 .debug_frame   0x00001b64       0x20 c:/program files (x86)/cypress/psoc creator/3.3/psoc creator/import/gnu/arm/4.9.3/bin/../lib/gcc/arm-none-eabi/4.9.3/../../../../arm-none-eabi/lib/armv7-m\libg_nano.a(lib_a-nano-msizer.o)
 .debug_frame   0x00001b84       0x5c c:/program files (x86)/cypress/psoc creator/3.3/psoc creator/import/gnu/arm/4.9.3/bin/../lib/gcc/arm-none-eabi/4.9.3/../../../../arm-none-eabi/lib/armv7-m\libg_nano.a(lib_a-reent.o)

.debug_str      0x00000000     0x1ea7
 *(.debug_str)
 .debug_str     0x00000000      0x460 .\CortexM3\ARM_GCC_493\Debug\main.o
                                0x4a6 (size before relaxing)
 .debug_str     0x00000460       0x77 .\CortexM3\ARM_GCC_493\Debug\cymetadata.o
                                0x1f0 (size before relaxing)
 .debug_str     0x000004d7      0x15e .\CortexM3\ARM_GCC_493\Debug\Cm3Start.o
                                0x304 (size before relaxing)
 .debug_str     0x00000635      0x18b .\CortexM3\ARM_GCC_493\Debug\RF_Test.a(cyfitter_cfg.o)
                                0x33e (size before relaxing)
 .debug_str     0x000007c0       0x61 .\CortexM3\ARM_GCC_493\Debug\RF_Test.a(Pin_1.o)
                                0x1e8 (size before relaxing)
 .debug_str     0x00000821      0x82c .\CortexM3\ARM_GCC_493\Debug\RF_Test.a(CyLib.o)
                                0xa29 (size before relaxing)
 .debug_str     0x0000104d      0x35b .\CortexM3\ARM_GCC_493\Debug\RF_Test.a(cyPm.o)
                                0x721 (size before relaxing)
 .debug_str     0x000013a8      0x170 .\CortexM3\ARM_GCC_493\Debug\RF_Test.a(LCD_Char_1.o)
                                0x3b1 (size before relaxing)
 .debug_str     0x00001518      0x206 .\CortexM3\ARM_GCC_493\Debug\RF_Test.a(UART_1.o)
                                0x4ad (size before relaxing)
 .debug_str     0x0000171e      0x199 .\CortexM3\ARM_GCC_493\Debug\RF_Test.a(UART_1_IntClock.o)
                                0x354 (size before relaxing)
 .debug_str     0x000018b7      0x1bb .\CortexM3\ARM_GCC_493\Debug\RF_Test.a(SPIM_1.o)
                                0x442 (size before relaxing)
 .debug_str     0x00001a72       0x51 .\CortexM3\ARM_GCC_493\Debug\RF_Test.a(Pin_5.o)
                                0x1e8 (size before relaxing)
 .debug_str     0x00001ac3       0x51 .\CortexM3\ARM_GCC_493\Debug\RF_Test.a(Pin_6.o)
                                0x1e8 (size before relaxing)
 .debug_str     0x00001b14      0x14e .\CortexM3\ARM_GCC_493\Debug\RF_Test.a(SPIM_1_IntClock.o)
                                0x354 (size before relaxing)
 .debug_str     0x00001c62      0x197 .\CortexM3\ARM_GCC_493\Debug\RF_Test.a(CyFlash.o)
                                0x39b (size before relaxing)
 .debug_str     0x00001df9       0xae .\CortexM3\ARM_GCC_493\Debug\RF_Test.a(CySpc.o)
                                0x324 (size before relaxing)

.debug_loc      0x00000000     0x2473
 *(.debug_loc)
 .debug_loc     0x00000000      0x14a .\CortexM3\ARM_GCC_493\Debug\main.o
 .debug_loc     0x0000014a      0x144 .\CortexM3\ARM_GCC_493\Debug\Cm3Start.o
 .debug_loc     0x0000028e      0x25a .\CortexM3\ARM_GCC_493\Debug\RF_Test.a(cyfitter_cfg.o)
 .debug_loc     0x000004e8       0x42 .\CortexM3\ARM_GCC_493\Debug\RF_Test.a(Pin_1.o)
 .debug_loc     0x0000052a      0xa11 .\CortexM3\ARM_GCC_493\Debug\RF_Test.a(CyLib.o)
 .debug_loc     0x00000f3b      0x1e4 .\CortexM3\ARM_GCC_493\Debug\RF_Test.a(cyPm.o)
 .debug_loc     0x0000111f      0x3c6 .\CortexM3\ARM_GCC_493\Debug\RF_Test.a(LCD_Char_1.o)
 .debug_loc     0x000014e5      0x258 .\CortexM3\ARM_GCC_493\Debug\RF_Test.a(UART_1.o)
 .debug_loc     0x0000173d      0x128 .\CortexM3\ARM_GCC_493\Debug\RF_Test.a(UART_1_IntClock.o)
 .debug_loc     0x00001865       0xfe .\CortexM3\ARM_GCC_493\Debug\RF_Test.a(SPIM_1.o)
 .debug_loc     0x00001963       0x55 .\CortexM3\ARM_GCC_493\Debug\RF_Test.a(Pin_5.o)
 .debug_loc     0x000019b8       0x42 .\CortexM3\ARM_GCC_493\Debug\RF_Test.a(Pin_6.o)
 .debug_loc     0x000019fa      0x12c .\CortexM3\ARM_GCC_493\Debug\RF_Test.a(SPIM_1_IntClock.o)
 .debug_loc     0x00001b26      0x300 .\CortexM3\ARM_GCC_493\Debug\RF_Test.a(CyFlash.o)
 .debug_loc     0x00001e26      0x64d .\CortexM3\ARM_GCC_493\Debug\RF_Test.a(CySpc.o)

.debug_macinfo
 *(.debug_macinfo)

.debug_ranges   0x00000000      0x860
 *(.debug_ranges)
 .debug_ranges  0x00000000       0x90 .\CortexM3\ARM_GCC_493\Debug\main.o
 .debug_ranges  0x00000090       0x38 .\CortexM3\ARM_GCC_493\Debug\Cm3Start.o
 .debug_ranges  0x000000c8       0x48 .\CortexM3\ARM_GCC_493\Debug\RF_Test.a(cyfitter_cfg.o)
 .debug_ranges  0x00000110       0x28 .\CortexM3\ARM_GCC_493\Debug\RF_Test.a(Pin_1.o)
 .debug_ranges  0x00000138      0x288 .\CortexM3\ARM_GCC_493\Debug\RF_Test.a(CyLib.o)
 .debug_ranges  0x000003c0       0x88 .\CortexM3\ARM_GCC_493\Debug\RF_Test.a(cyPm.o)
 .debug_ranges  0x00000448       0x88 .\CortexM3\ARM_GCC_493\Debug\RF_Test.a(LCD_Char_1.o)
 .debug_ranges  0x000004d0       0xe0 .\CortexM3\ARM_GCC_493\Debug\RF_Test.a(UART_1.o)
 .debug_ranges  0x000005b0       0x60 .\CortexM3\ARM_GCC_493\Debug\RF_Test.a(UART_1_IntClock.o)
 .debug_ranges  0x00000610       0xc8 .\CortexM3\ARM_GCC_493\Debug\RF_Test.a(SPIM_1.o)
 .debug_ranges  0x000006d8       0x28 .\CortexM3\ARM_GCC_493\Debug\RF_Test.a(Pin_5.o)
 .debug_ranges  0x00000700       0x28 .\CortexM3\ARM_GCC_493\Debug\RF_Test.a(Pin_6.o)
 .debug_ranges  0x00000728       0x60 .\CortexM3\ARM_GCC_493\Debug\RF_Test.a(SPIM_1_IntClock.o)
 .debug_ranges  0x00000788       0x70 .\CortexM3\ARM_GCC_493\Debug\RF_Test.a(CyFlash.o)
 .debug_ranges  0x000007f8       0x68 .\CortexM3\ARM_GCC_493\Debug\RF_Test.a(CySpc.o)

.comment        0x00000000       0x70
 .comment       0x00000000       0x70 .\CortexM3\ARM_GCC_493\Debug\main.o
                                 0x71 (size before relaxing)
 .comment       0x00000000       0x71 .\CortexM3\ARM_GCC_493\Debug\cymetadata.o
 .comment       0x00000000       0x71 .\CortexM3\ARM_GCC_493\Debug\Cm3Start.o
 .comment       0x00000000       0x71 .\CortexM3\ARM_GCC_493\Debug\RF_Test.a(cyfitter_cfg.o)
 .comment       0x00000000       0x71 .\CortexM3\ARM_GCC_493\Debug\RF_Test.a(Pin_1.o)
 .comment       0x00000000       0x71 .\CortexM3\ARM_GCC_493\Debug\RF_Test.a(CyLib.o)
 .comment       0x00000000       0x71 .\CortexM3\ARM_GCC_493\Debug\RF_Test.a(cyPm.o)
 .comment       0x00000000       0x71 .\CortexM3\ARM_GCC_493\Debug\RF_Test.a(LCD_Char_1.o)
 .comment       0x00000000       0x71 .\CortexM3\ARM_GCC_493\Debug\RF_Test.a(UART_1.o)
 .comment       0x00000000       0x71 .\CortexM3\ARM_GCC_493\Debug\RF_Test.a(UART_1_IntClock.o)
 .comment       0x00000000       0x71 .\CortexM3\ARM_GCC_493\Debug\RF_Test.a(SPIM_1.o)
 .comment       0x00000000       0x71 .\CortexM3\ARM_GCC_493\Debug\RF_Test.a(Pin_5.o)
 .comment       0x00000000       0x71 .\CortexM3\ARM_GCC_493\Debug\RF_Test.a(Pin_6.o)
 .comment       0x00000000       0x71 .\CortexM3\ARM_GCC_493\Debug\RF_Test.a(SPIM_1_IntClock.o)
 .comment       0x00000000       0x71 .\CortexM3\ARM_GCC_493\Debug\RF_Test.a(CyFlash.o)
 .comment       0x00000000       0x71 .\CortexM3\ARM_GCC_493\Debug\RF_Test.a(CySpc.o)

.debug_weaknames
 *(.debug_weaknames)

.debug_funcnames
 *(.debug_funcnames)

.debug_typenames
 *(.debug_typenames)

.debug_varnames
 *(.debug_varnames)

.note.gnu.arm.ident
 *(.note.gnu.arm.ident)

.ARM.attributes
                0x00000000       0x29
 *(.ARM.attributes)
 .ARM.attributes
                0x00000000       0x1d c:/program files (x86)/cypress/psoc creator/3.3/psoc creator/import/gnu/arm/4.9.3/bin/../lib/gcc/arm-none-eabi/4.9.3/armv7-m/crti.o
 .ARM.attributes
                0x0000001d       0x2d c:/program files (x86)/cypress/psoc creator/3.3/psoc creator/import/gnu/arm/4.9.3/bin/../lib/gcc/arm-none-eabi/4.9.3/armv7-m/crtbegin.o
 .ARM.attributes
                0x0000004a       0x1b c:/program files (x86)/cypress/psoc creator/3.3/psoc creator/import/gnu/arm/4.9.3/bin/../lib/gcc/arm-none-eabi/4.9.3/../../../../arm-none-eabi/lib/armv7-m/crt0.o
 .ARM.attributes
                0x00000065       0x33 .\CortexM3\ARM_GCC_493\Debug\main.o
 .ARM.attributes
                0x00000098       0x33 .\CortexM3\ARM_GCC_493\Debug\cymetadata.o
 .ARM.attributes
                0x000000cb       0x33 .\CortexM3\ARM_GCC_493\Debug\Cm3Start.o
 .ARM.attributes
                0x000000fe       0x33 .\CortexM3\ARM_GCC_493\Debug\RF_Test.a(cyfitter_cfg.o)
 .ARM.attributes
                0x00000131       0x33 .\CortexM3\ARM_GCC_493\Debug\RF_Test.a(Pin_1.o)
 .ARM.attributes
                0x00000164       0x21 .\CortexM3\ARM_GCC_493\Debug\RF_Test.a(CyBootAsmGnu.o)
 .ARM.attributes
                0x00000185       0x33 .\CortexM3\ARM_GCC_493\Debug\RF_Test.a(CyLib.o)
 .ARM.attributes
                0x000001b8       0x33 .\CortexM3\ARM_GCC_493\Debug\RF_Test.a(cyPm.o)
 .ARM.attributes
                0x000001eb       0x33 .\CortexM3\ARM_GCC_493\Debug\RF_Test.a(LCD_Char_1.o)
 .ARM.attributes
                0x0000021e       0x33 .\CortexM3\ARM_GCC_493\Debug\RF_Test.a(UART_1.o)
 .ARM.attributes
                0x00000251       0x33 .\CortexM3\ARM_GCC_493\Debug\RF_Test.a(UART_1_IntClock.o)
 .ARM.attributes
                0x00000284       0x33 .\CortexM3\ARM_GCC_493\Debug\RF_Test.a(SPIM_1.o)
 .ARM.attributes
                0x000002b7       0x33 .\CortexM3\ARM_GCC_493\Debug\RF_Test.a(Pin_5.o)
 .ARM.attributes
                0x000002ea       0x33 .\CortexM3\ARM_GCC_493\Debug\RF_Test.a(Pin_6.o)
 .ARM.attributes
                0x0000031d       0x33 .\CortexM3\ARM_GCC_493\Debug\RF_Test.a(SPIM_1_IntClock.o)
 .ARM.attributes
                0x00000350       0x33 .\CortexM3\ARM_GCC_493\Debug\RF_Test.a(CyFlash.o)
 .ARM.attributes
                0x00000383       0x33 .\CortexM3\ARM_GCC_493\Debug\RF_Test.a(CySpc.o)
 .ARM.attributes
                0x000003b6       0x2d c:/program files (x86)/cypress/psoc creator/3.3/psoc creator/import/gnu/arm/4.9.3/bin/../lib/gcc/arm-none-eabi/4.9.3/../../../../arm-none-eabi/lib/armv7-m\libg_nano.a(lib_a-errno.o)
 .ARM.attributes
                0x000003e3       0x2d c:/program files (x86)/cypress/psoc creator/3.3/psoc creator/import/gnu/arm/4.9.3/bin/../lib/gcc/arm-none-eabi/4.9.3/../../../../arm-none-eabi/lib/armv7-m\libg_nano.a(lib_a-exit.o)
 .ARM.attributes
                0x00000410       0x2d c:/program files (x86)/cypress/psoc creator/3.3/psoc creator/import/gnu/arm/4.9.3/bin/../lib/gcc/arm-none-eabi/4.9.3/../../../../arm-none-eabi/lib/armv7-m\libg_nano.a(lib_a-impure.o)
 .ARM.attributes
                0x0000043d       0x2d c:/program files (x86)/cypress/psoc creator/3.3/psoc creator/import/gnu/arm/4.9.3/bin/../lib/gcc/arm-none-eabi/4.9.3/../../../../arm-none-eabi/lib/armv7-m\libg_nano.a(lib_a-init.o)
 .ARM.attributes
                0x0000046a       0x2d c:/program files (x86)/cypress/psoc creator/3.3/psoc creator/import/gnu/arm/4.9.3/bin/../lib/gcc/arm-none-eabi/4.9.3/../../../../arm-none-eabi/lib/armv7-m\libg_nano.a(lib_a-memcpy.o)
 .ARM.attributes
                0x00000497       0x2d c:/program files (x86)/cypress/psoc creator/3.3/psoc creator/import/gnu/arm/4.9.3/bin/../lib/gcc/arm-none-eabi/4.9.3/../../../../arm-none-eabi/lib/armv7-m\libg_nano.a(lib_a-memset.o)
 .ARM.attributes
                0x000004c4       0x2d c:/program files (x86)/cypress/psoc creator/3.3/psoc creator/import/gnu/arm/4.9.3/bin/../lib/gcc/arm-none-eabi/4.9.3/../../../../arm-none-eabi/lib/armv7-m\libg_nano.a(lib_a-snprintf.o)
 .ARM.attributes
                0x000004f1       0x2d c:/program files (x86)/cypress/psoc creator/3.3/psoc creator/import/gnu/arm/4.9.3/bin/../lib/gcc/arm-none-eabi/4.9.3/../../../../arm-none-eabi/lib/armv7-m\libg_nano.a(lib_a-nano-svfprintf.o)
 .ARM.attributes
                0x0000051e       0x2d c:/program files (x86)/cypress/psoc creator/3.3/psoc creator/import/gnu/arm/4.9.3/bin/../lib/gcc/arm-none-eabi/4.9.3/../../../../arm-none-eabi/lib/armv7-m\libg_nano.a(lib_a-nano-vfprintf_i.o)
 .ARM.attributes
                0x0000054b       0x2d c:/program files (x86)/cypress/psoc creator/3.3/psoc creator/import/gnu/arm/4.9.3/bin/../lib/gcc/arm-none-eabi/4.9.3/../../../../arm-none-eabi/lib/armv7-m\libg_nano.a(lib_a-memchr.o)
 .ARM.attributes
                0x00000578       0x2d c:/program files (x86)/cypress/psoc creator/3.3/psoc creator/import/gnu/arm/4.9.3/bin/../lib/gcc/arm-none-eabi/4.9.3/../../../../arm-none-eabi/lib/armv7-m\libg_nano.a(lib_a-memmove.o)
 .ARM.attributes
                0x000005a5       0x2d c:/program files (x86)/cypress/psoc creator/3.3/psoc creator/import/gnu/arm/4.9.3/bin/../lib/gcc/arm-none-eabi/4.9.3/../../../../arm-none-eabi/lib/armv7-m\libg_nano.a(lib_a-nano-freer.o)
 .ARM.attributes
                0x000005d2       0x2d c:/program files (x86)/cypress/psoc creator/3.3/psoc creator/import/gnu/arm/4.9.3/bin/../lib/gcc/arm-none-eabi/4.9.3/../../../../arm-none-eabi/lib/armv7-m\libg_nano.a(lib_a-nano-mallocr.o)
 .ARM.attributes
                0x000005ff       0x2d c:/program files (x86)/cypress/psoc creator/3.3/psoc creator/import/gnu/arm/4.9.3/bin/../lib/gcc/arm-none-eabi/4.9.3/../../../../arm-none-eabi/lib/armv7-m\libg_nano.a(lib_a-nano-reallocr.o)
 .ARM.attributes
                0x0000062c       0x2d c:/program files (x86)/cypress/psoc creator/3.3/psoc creator/import/gnu/arm/4.9.3/bin/../lib/gcc/arm-none-eabi/4.9.3/../../../../arm-none-eabi/lib/armv7-m\libg_nano.a(lib_a-sbrkr.o)
 .ARM.attributes
                0x00000659       0x2d c:/program files (x86)/cypress/psoc creator/3.3/psoc creator/import/gnu/arm/4.9.3/bin/../lib/gcc/arm-none-eabi/4.9.3/../../../../arm-none-eabi/lib/armv7-m\libg_nano.a(lib_a-nano-msizer.o)
 .ARM.attributes
                0x00000686       0x2d c:/program files (x86)/cypress/psoc creator/3.3/psoc creator/import/gnu/arm/4.9.3/bin/../lib/gcc/arm-none-eabi/4.9.3/../../../../arm-none-eabi/lib/armv7-m\libg_nano.a(lib_a-reent.o)
 .ARM.attributes
                0x000006b3       0x2d c:/program files (x86)/cypress/psoc creator/3.3/psoc creator/import/gnu/arm/4.9.3/bin/../lib/gcc/arm-none-eabi/4.9.3/armv7-m/crtend.o
 .ARM.attributes
                0x000006e0       0x1d c:/program files (x86)/cypress/psoc creator/3.3/psoc creator/import/gnu/arm/4.9.3/bin/../lib/gcc/arm-none-eabi/4.9.3/armv7-m/crtn.o

/DISCARD/
 *(.note.GNU-stack)
OUTPUT(.\CortexM3\ARM_GCC_493\Debug\RF_Test.elf elf32-littlearm)
